
========== addnode.c ==========
addnode.c:10: ERROR: open brace '{' following function declarations go on the next line
addnode.c:13: ERROR: that open brace { should be on the next line
addnode.c:21: ERROR: that open brace { should be on the next line
addnode.c:21: WARNING: braces {} are not necessary for single statement blocks
total: 3 errors, 1 warnings, 26 lines checked
addnode

========== addqueue.c ==========
addqueue.c:3: ERROR: trailing whitespace
addqueue.c:5: WARNING: please, no spaces at the start of a line
addqueue.c:6: WARNING: please, no spaces at the start of a line
addqueue.c:8: WARNING: please, no spaces at the start of a line
addqueue.c:8: ERROR: that open brace { should be on the next line
addqueue.c:9: ERROR: code indent should use tabs where possible
addqueue.c:9: WARNING: please, no spaces at the start of a line
addqueue.c:10: ERROR: code indent should use tabs where possible
addqueue.c:10: WARNING: please, no spaces at the start of a line
addqueue.c:11: WARNING: please, no spaces at the start of a line
addqueue.c:12: ERROR: trailing whitespace
addqueue.c:12: WARNING: please, no spaces at the start of a line
addqueue.c:13: WARNING: please, no spaces at the start of a line
addqueue.c:14: WARNING: please, no spaces at the start of a line
addqueue.c:16: WARNING: please, no spaces at the start of a line
addqueue.c:16: ERROR: that open brace { should be on the next line
addqueue.c:17: ERROR: code indent should use tabs where possible
addqueue.c:17: WARNING: please, no spaces at the start of a line
addqueue.c:18: ERROR: code indent should use tabs where possible
addqueue.c:18: WARNING: please, no spaces at the start of a line
addqueue.c:19: ERROR: code indent should use tabs where possible
addqueue.c:19: WARNING: please, no spaces at the start of a line
addqueue.c:20: WARNING: please, no spaces at the start of a line
addqueue.c:22: WARNING: please, no spaces at the start of a line
addqueue.c:23: WARNING: please, no spaces at the start of a line
addqueue.c:23: ERROR: that open brace { should be on the next line
addqueue.c:23: WARNING: braces {} are not necessary for single statement blocks
addqueue.c:24: ERROR: code indent should use tabs where possible
addqueue.c:24: WARNING: please, no spaces at the start of a line
addqueue.c:25: WARNING: please, no spaces at the start of a line
addqueue.c:26: WARNING: please, no spaces at the start of a line
addqueue.c:27: WARNING: please, no spaces at the start of a line
total: 11 errors, 21 warnings, 29 lines checked
addqueue.c:3: warning: no description found for function addqueue

========== bus.c ==========
bus.c:3: ERROR: global variables are not allowed
total: 1 errors, 0 warnings, 4 lines checked

========== execute.c ==========
execute.c:16: WARNING: please, no spaces at the start of a line
execute.c:17: ERROR: code indent should use tabs where possible
execute.c:17: WARNING: please, no spaces at the start of a line
execute.c:18: ERROR: code indent should use tabs where possible
execute.c:18: WARNING: please, no spaces at the start of a line
execute.c:19: ERROR: code indent should use tabs where possible
execute.c:20: ERROR: code indent should use tabs where possible
execute.c:20: WARNING: please, no spaces at the start of a line
execute.c:21: WARNING: please, no spaces at the start of a line
execute.c:22: WARNING: please, no spaces at the start of a line
execute.c:23: WARNING: please, no spaces at the start of a line
execute.c:25: WARNING: please, no spaces at the start of a line
execute.c:26: WARNING: please, no spaces at the start of a line
execute.c:27: ERROR: code indent should use tabs where possible
execute.c:27: WARNING: please, no spaces at the start of a line
execute.c:29: WARNING: please, no spaces at the start of a line
execute.c:30: WARNING: please, no spaces at the start of a line
execute.c:31: WARNING: please, no spaces at the start of a line
execute.c:32: ERROR: code indent should use tabs where possible
execute.c:32: WARNING: please, no spaces at the start of a line
execute.c:32: WARNING: suspect code indent for conditional statements (8, 12)
execute.c:33: ERROR: code indent should use tabs where possible
execute.c:33: WARNING: please, no spaces at the start of a line
execute.c:34: ERROR: code indent should use tabs where possible
execute.c:34: WARNING: please, no spaces at the start of a line
execute.c:35: ERROR: code indent should use tabs where possible
execute.c:35: WARNING: please, no spaces at the start of a line
execute.c:36: ERROR: code indent should use tabs where possible
execute.c:36: WARNING: please, no spaces at the start of a line
execute.c:37: ERROR: code indent should use tabs where possible
execute.c:37: WARNING: please, no spaces at the start of a line
execute.c:38: ERROR: code indent should use tabs where possible
execute.c:38: WARNING: please, no spaces at the start of a line
execute.c:39: ERROR: code indent should use tabs where possible
execute.c:39: WARNING: please, no spaces at the start of a line
execute.c:40: ERROR: code indent should use tabs where possible
execute.c:40: WARNING: please, no spaces at the start of a line
execute.c:41: ERROR: code indent should use tabs where possible
execute.c:41: WARNING: please, no spaces at the start of a line
execute.c:42: ERROR: code indent should use tabs where possible
execute.c:42: WARNING: please, no spaces at the start of a line
execute.c:43: ERROR: code indent should use tabs where possible
execute.c:43: WARNING: please, no spaces at the start of a line
execute.c:44: WARNING: please, no spaces at the start of a line
execute.c:45: WARNING: please, no spaces at the start of a line
execute.c:46: WARNING: please, no spaces at the start of a line
execute.c:47: WARNING: please, no spaces at the start of a line
execute.c:48: WARNING: please, no spaces at the start of a line
total: 17 errors, 31 warnings, 50 lines checked
execute

========== free_stack.c ==========
free_stack.c:3: ERROR: open brace '{' following function declarations go on the next line
free_stack.c:4: WARNING: please, no spaces at the start of a line
free_stack.c:6: WARNING: please, no spaces at the start of a line
free_stack.c:6: ERROR: that open brace { should be on the next line
free_stack.c:7: ERROR: code indent should use tabs where possible
free_stack.c:7: WARNING: please, no spaces at the start of a line
free_stack.c:8: ERROR: code indent should use tabs where possible
free_stack.c:8: WARNING: please, no spaces at the start of a line
free_stack.c:9: ERROR: code indent should use tabs where possible
free_stack.c:9: WARNING: please, no spaces at the start of a line
free_stack.c:10: WARNING: please, no spaces at the start of a line
total: 5 errors, 6 warnings, 12 lines checked
free_stack.c:3: warning: no description found for function free_stack
